C:\Program Files\dotnet\sdk\10.0.102\Microsoft.Common.CurrentVersion.targets(5080,5): error MSB3027: Impossible de copier "C:\Users\hipix\Desktop\Projet Genie Logiciel\EasySave\EasySave.Core\bin\Debug\net10.0\EasySave.Core.dll" vers "bin\Debug\net10.0\EasySave.Core.dll". D├®passement du nombre maximal de nouvelles tentatives de 10. ├ëchec. Le fichier est verrouill├® par┬á: "EasySave.GUI (27100)" [C:\Users\hipix\Desktop\Projet Genie Logiciel\EasySave\EasySave.GUI\EasySave.GUI.csproj]
C:\Program Files\dotnet\sdk\10.0.102\Microsoft.Common.CurrentVersion.targets(5080,5): error MSB3021: Impossible de copier le fichier "C:\Users\hipix\Desktop\Projet Genie Logiciel\EasySave\EasySave.Core\bin\Debug\net10.0\EasySave.Core.dll" vers "bin\Debug\net10.0\EasySave.Core.dll". The process cannot access the file 'C:\Users\hipix\Desktop\Projet Genie Logiciel\EasySave\EasySave.GUI\bin\Debug\net10.0\EasySave.Core.dll' because it is being used by another process. [C:\Users\hipix\Desktop\Projet Genie Logiciel\EasySave\EasySave.GUI\EasySave.GUI.csproj]
C:\Program Files\dotnet\sdk\10.0.102\Microsoft.Common.CurrentVersion.targets(5080,5): error MSB3027: Impossible de copier "C:\Users\hipix\Desktop\Projet Genie Logiciel\EasySave\EasyLog\bin\Debug\net10.0\EasyLog.dll" vers "bin\Debug\net10.0\EasyLog.dll". D├®passement du nombre maximal de nouvelles tentatives de 10. ├ëchec. Le fichier est verrouill├® par┬á: "EasySave.GUI (27100)" [C:\Users\hipix\Desktop\Projet Genie Logiciel\EasySave\EasySave.GUI\EasySave.GUI.csproj]
C:\Program Files\dotnet\sdk\10.0.102\Microsoft.Common.CurrentVersion.targets(5080,5): error MSB3021: Impossible de copier le fichier "C:\Users\hipix\Desktop\Projet Genie Logiciel\EasySave\EasyLog\bin\Debug\net10.0\EasyLog.dll" vers "bin\Debug\net10.0\EasyLog.dll". The process cannot access the file 'C:\Users\hipix\Desktop\Projet Genie Logiciel\EasySave\EasySave.GUI\bin\Debug\net10.0\EasyLog.dll' because it is being used by another process. [C:\Users\hipix\Desktop\Projet Genie Logiciel\EasySave\EasySave.GUI\EasySave.GUI.csproj]

├ëCHEC de la build.
    20 Avertissement(s)
    4 Erreur(s)

Temps ├®coul├® 00:00:14.31
